<html>
<body>
<pre>
<h1>µVision Build Log</h1>
<h2>Project:</h2>
Z:\3_course\4931101_90102\Titiov\CUIMP\Cursach_40\lab2.uvproj
Project File Date:  04/05/2022

<h2>Output:</h2>
Build target 'Target 1'
compiling Main.c...
Main\init.h(3): warning:  #1-D: last line of file ends without a newline
Main\Main.c(17): warning:  #223-D: function "UpdateButton" declared implicitly
compiling Button.c...
Main\Button.c(66): warning:  #223-D: function "OnDoubleClick" declared implicitly
Main\Button.c(68): warning:  #223-D: function "OnPressedButton" declared implicitly
Main\Button.c(76): error:  #159: declaration is incompatible with previous "OnPressedButton" (declared at line 68)
Target not created
Build target 'Target 1'
compiling Button.c...
Main\Button.c(66): warning:  #223-D: function "OnDoubleClick" declared implicitly
Main\Button.c(68): warning:  #223-D: function "OnPressedButton" declared implicitly
Main\Button.c(76): error:  #159: declaration is incompatible with previous "OnPressedButton" (declared at line 68)
Target not created
Build target 'Target 1'
compiling Button.c...
Main\Button.c(66): warning:  #223-D: function "OnDoubleClick" declared implicitly
Main\Button.c(68): warning:  #223-D: function "OnPressedButton" declared implicitly
Main\Button.c(76): error:  #159: declaration is incompatible with previous "OnPressedButton" (declared at line 68)
Target not created
Build target 'Target 1'
compiling Button.c...
Main\Button.c(76): warning:  #223-D: function "OnDoubleClick" declared implicitly
linking...
lab2.axf: Error: L6218E: Undefined symbol OnDoubleClick (referred from button.o).
Target not created
Build target 'Target 1'
compiling Button.c...
linking...
Program Size: Code=3460 RO-data=424 RW-data=44 ZI-data=1636  
"lab2.axf" - 0 Error(s), 0 Warning(s).
Load "Z:\\3_course\\4931101_90102\\Titiov\\CUIMP\\Cursach_40\\lab2.AXF" 
Erase Done.
Programming Done.
Verify OK.
Build target 'Target 1'
compiling Button.c...
linking...
Program Size: Code=3460 RO-data=424 RW-data=44 ZI-data=1636  
"lab2.axf" - 0 Error(s), 0 Warning(s).
Load "Z:\\3_course\\4931101_90102\\Titiov\\CUIMP\\Cursach_40\\lab2.AXF" 
Erase Done.
Programming Done.
Verify OK.
Build target 'Target 1'
compiling Button.c...
linking...
Program Size: Code=3464 RO-data=424 RW-data=44 ZI-data=1636  
"lab2.axf" - 0 Error(s), 0 Warning(s).
Load "Z:\\3_course\\4931101_90102\\Titiov\\CUIMP\\Cursach_40\\lab2.AXF" 
Erase Done.
Programming Done.
Verify OK.
Build target 'Target 1'
compiling Button.c...
linking...
Program Size: Code=3464 RO-data=424 RW-data=44 ZI-data=1636  
"lab2.axf" - 0 Error(s), 0 Warning(s).
Load "Z:\\3_course\\4931101_90102\\Titiov\\CUIMP\\Cursach_40\\lab2.AXF" 
Erase Done.
Programming Done.
Verify OK.
Build target 'Target 1'
compiling Button.c...
Main\Button.c(42): warning:  #223-D: function "UpdateLeds" declared implicitly
Main\Button.c(48): error:  #159: declaration is incompatible with previous "UpdateLeds" (declared at line 42)
Target not created
Build target 'Target 1'
compiling Button.c...
linking...
Program Size: Code=3712 RO-data=424 RW-data=44 ZI-data=1636  
"lab2.axf" - 0 Error(s), 0 Warning(s).
Load "Z:\\3_course\\4931101_90102\\Titiov\\CUIMP\\Cursach_40\\lab2.AXF" 
Erase Done.
Programming Done.
Verify OK.
Build target 'Target 1'
linking...
Program Size: Code=3712 RO-data=424 RW-data=44 ZI-data=1636  
"lab2.axf" - 0 Error(s), 0 Warning(s).
Load "Z:\\3_course\\4931101_90102\\Titiov\\CUIMP\\Cursach_40\\lab2.AXF" 
Erase Done.
Programming Done.
Verify OK.
Build target 'Target 1'
linking...
Program Size: Code=3712 RO-data=424 RW-data=44 ZI-data=1636  
"lab2.axf" - 0 Error(s), 0 Warning(s).
Load "Z:\\3_course\\4931101_90102\\Titiov\\CUIMP\\Cursach_40\\lab2.AXF" 
Erase Done.
Programming Done.
Verify OK.
Build target 'Target 1'
compiling Button.c...
linking...
Program Size: Code=3592 RO-data=424 RW-data=44 ZI-data=1636  
"lab2.axf" - 0 Error(s), 0 Warning(s).
Load "Z:\\3_course\\4931101_90102\\Titiov\\CUIMP\\Cursach_40\\lab2.AXF" 
Erase Done.
Programming Done.
Verify OK.
Build target 'Target 1'
compiling Button.c...
linking...
Program Size: Code=3584 RO-data=424 RW-data=44 ZI-data=1636  
"lab2.axf" - 0 Error(s), 0 Warning(s).
Load "Z:\\3_course\\4931101_90102\\Titiov\\CUIMP\\Cursach_40\\lab2.AXF" 
Erase Done.
Programming Done.
Verify OK.
Build target 'Target 1'
compiling Button.c...
linking...
Program Size: Code=3584 RO-data=424 RW-data=44 ZI-data=1636  
"lab2.axf" - 0 Error(s), 0 Warning(s).
Load "Z:\\3_course\\4931101_90102\\Titiov\\CUIMP\\Cursach_40\\lab2.AXF" 
Erase Done.
Programming Done.
Verify OK.
Build target 'Target 1'
compiling Button.c...
linking...
Program Size: Code=3584 RO-data=424 RW-data=44 ZI-data=1636  
"lab2.axf" - 0 Error(s), 0 Warning(s).
Load "Z:\\3_course\\4931101_90102\\Titiov\\CUIMP\\Cursach_40\\lab2.AXF" 
Erase Done.
Programming Done.
Verify OK.
