<html>
<body>
<pre>
<h1>µVision Build Log</h1>
<h2>Project:</h2>
C:\Users\dredhorse5\Documents\”˜Â·‡\÷ÛËÏÔ\Ukeil\Sokolova_Kurs\lab2.uvproj
Project File Date:  04/26/2022

<h2>Output:</h2>
Build target 'Target 1'
compiling Main.c...
Main\ledinit.h(4): warning:  #1-D: last line of file ends without a newline
                void UartInit(void);
Main\Main.c(224): warning:  #1-D: last line of file ends without a newline
  }
Main\Main.c: 2 warnings, 0 errors
linking...
Program Size: Code=3836 RO-data=424 RW-data=76 ZI-data=1636  
".\lab2.axf" - 0 Error(s), 2 Warning(s).
</pre>
</body>
</html>
ning:  #223-D: function "Green_on" declared implicitly
                Green_on();
Main\Main.c(34): warning:  #223-D: function "Orange_on" declared implicitly
                Orange_on();
Main\Main.c(54): warning:  #223-D: function "Orange_on" declared implicitly
                Orange_on();
Main\Main.c(74): warning:  #223-D: function "Blue_on" declared implicitly
                Blue_on();
Main\Main.c(96): warning:  #223-D: function "Red_on" declared implicitly
                Red_on();
Main\Main.c(100): warning:  #223-D: function "Green_on" declared implicitly
                Green_on();
Main\Main.c(104): warning:  #223-D: function "Blue_on" declared implicitly
                Blue_on();
Main\Main.c(108): warning:  #223-D: function "Orange_on" declared implicitly
                Orange_on();
Main\Main.c(178): warning:  #223-D: function "Green_off" declared implicitly
        Green_off();
Main\Main.c(179): warning:  #223-D: function "Orange_off" declared implicitly
    Orange_off();
Main\Main.c(180): warning:  #223-D: function "Red_off" declared implicitly
    Red_off();
Main\Main.c(181): warning:  #223-D: function "Blue_off" declared implicitly
    Blue_off();
Main\Main.c(209): warning:  #1-D: last line of file ends without a newline
  }
Main\Main.c: 16 warnings, 0 errors
compiling ledinit.c...
Main\ledinit.c(30): warning:  #1-D: last line of file ends without a newline
                        }
Main\ledinit.c: 1 warning, 0 errors
compiling system_stm32f4xx.c...
compiling misc.c...
compiling stm32f4xx_adc.c...
compiling stm32f4xx_can.c...
compiling stm32f4xx_crc.c...
compiling stm32f4xx_cryp.c...
compiling stm32f4xx_cryp_aes.c...
compiling stm32f4xx_cryp_des.c...
compiling stm32f4xx_cryp_tdes.c...
compiling stm32f4xx_dac.c...
compiling stm32f4xx_dbgmcu.c...
compiling stm32f4xx_dcmi.c...
compiling stm32f4xx_dma.c...
compiling stm32f4xx_exti.c...
compiling stm32f4xx_flash.c...
compiling stm32f4xx_fsmc.c...
compiling stm32f4xx_gpio.c...
compiling stm32f4xx_hash.c...
compiling stm32f4xx_hash_md5.c...
compiling stm32f4xx_hash_sha1.c...
compiling stm32f4xx_i2c.c...
compiling stm32f4xx_iwdg.c...
compiling stm32f4xx_pwr.c...
compiling stm32f4xx_rcc.c...
compiling stm32f4xx_rng.c...
compiling stm32f4xx_rtc.c...
compiling stm32f4xx_sdio.c...
compiling stm32f4xx_spi.c...
compiling stm32f4xx_syscfg.c...
compiling stm32f4xx_tim.c...
compiling stm32f4xx_usart.c...
compiling stm32f4xx_wwdg.c...
linking...
.\lab2.axf: Error: L6218E: Undefined symbol Blue_off (referred from main.o).
.\lab2.axf: Error: L6218E: Undefined symbol Blue_on (referred from main.o).
.\lab2.axf: Error: L6218E: Undefined symbol Green_off (referred from main.o).
.\lab2.axf: Error: L6218E: Undefined symbol Green_on (referred from main.o).
.\lab2.axf: Error: L6218E: Undefined symbol Orange_off (referred from main.o).
.\lab2.axf: Error: L6218E: Undefined symbol Orange_on (referred from main.o).
.\lab2.axf: Error: L6218E: Undefined symbol Red_off (referred from main.o).
.\lab2.axf: Error: L6218E: Undefined symbol Red_on (referred from main.o).
Not enough information to list image symbols.
Finished: 1 information, 0 warning and 8 error messages.
".\lab2.axf" - 8 Error(s), 17 Warning(s).
Target not created
