<html>
<body>
<pre>
<h1>µVision Build Log</h1>
<h2>Project:</h2>
E:\Cursach_34\lab2.uvproj
Project File Date:  04/05/2022

<h2>Output:</h2>
Rebuild target 'Target 1'
assembling startup_stm32f4xx.s...
compiling Main.c...
Main\init.h(3): warning:  #1-D: last line of file ends without a newline
  void init(void);
Main\Main.c: 1 warning, 0 errors
compiling init.c...
Main\init.c(27): warning:  #1-D: last line of file ends without a newline
  }
Main\init.c: 1 warning, 0 errors
compiling system_stm32f4xx.c...
compiling misc.c...
compiling stm32f4xx_adc.c...
compiling stm32f4xx_can.c...
compiling stm32f4xx_crc.c...
compiling stm32f4xx_cryp.c...
compiling stm32f4xx_cryp_aes.c...
compiling stm32f4xx_cryp_des.c...
compiling stm32f4xx_cryp_tdes.c...
compiling stm32f4xx_dac.c...
compiling stm32f4xx_dbgmcu.c...
compiling stm32f4xx_dcmi.c...
compiling stm32f4xx_dma.c...
compiling stm32f4xx_exti.c...
compiling stm32f4xx_flash.c...
compiling stm32f4xx_fsmc.c...
compiling stm32f4xx_gpio.c...
compiling stm32f4xx_hash.c...
compiling stm32f4xx_hash_md5.c...
compiling stm32f4xx_hash_sha1.c...
compiling stm32f4xx_i2c.c...
compiling stm32f4xx_iwdg.c...
compiling stm32f4xx_pwr.c...
compiling stm32f4xx_rcc.c...
compiling stm32f4xx_rng.c...
compiling stm32f4xx_rtc.c...
compiling stm32f4xx_sdio.c...
compiling stm32f4xx_spi.c...
compiling stm32f4xx_syscfg.c...
compiling stm32f4xx_tim.c...
compiling stm32f4xx_usart.c...
compiling stm32f4xx_wwdg.c...
linking...
Program Size: Code=3600 RO-data=424 RW-data=44 ZI-data=1636  
".\lab2.axf" - 0 Error(s), 2 Warning(s).
Load "E:\\Cursach_34\\lab2.axf" 
Erase Done.
Programming Done.
Verify OK.
